[WebServer] [WARN] Unsupported engine: wanted: {"node":">=24.20.0"} (current: {"node":"v24.17.0","pnpm":"11.25.0"})

[WebServer] $ node scripts/run-preview.mjs

[WebServer] (node:15648) [DEP0190] DeprecationWarning: Passing args to a child process with shell option true can lead to security vulnerabilities, as the arguments are not escaped, only concatenated.
[WebServer] (Use `node --trace-deprecation ...` to show where the warning was created)

[WebServer]  astro  v7.3.2 ready in 52 ms
[WebServer] ┃ Local    http://127.0.0.1:3000/


Running 14 tests using 1 worker

[1/14] [chromium] › tests\e2e\c3-header-scenes.spec.ts:101:5 › C3-A Scene-Aware Global Header › /en/ declares the ink scene and keeps readable contrast
[2/14] [chromium] › tests\e2e\c3-header-scenes.spec.ts:101:5 › C3-A Scene-Aware Global Header › /en/products/ declares the product scene and keeps readable contrast
[3/14] [chromium] › tests\e2e\c3-header-scenes.spec.ts:101:5 › C3-A Scene-Aware Global Header › /en/about/ declares the porcelain scene and keeps readable contrast
[4/14] [chromium] › tests\e2e\c3-header-scenes.spec.ts:117:3 › C3-A Scene-Aware Global Header › navigation labels and order stay identical across scenes
[5/14] [chromium] › tests\e2e\c3-header-scenes.spec.ts:138:3 › C3-A Scene-Aware Global Header › keyboard focus stays visible in every scene
[6/14] [chromium] › tests\e2e\c3-header-scenes.spec.ts:165:3 › C3-A Scene-Aware Global Header › the header is reachable and stable at 320 and 390px
[7/14] [chromium] › tests\e2e\c3-header-scenes.spec.ts:197:3 › C3-A Scene-Aware Global Header › reduced motion does not animate the header
[8/14] [mobile-chromium] › tests\e2e\c3-header-scenes.spec.ts:101:5 › C3-A Scene-Aware Global Header › /en/ declares the ink scene and keeps readable contrast
[9/14] [mobile-chromium] › tests\e2e\c3-header-scenes.spec.ts:101:5 › C3-A Scene-Aware Global Header › /en/products/ declares the product scene and keeps readable contrast
[10/14] [mobile-chromium] › tests\e2e\c3-header-scenes.spec.ts:101:5 › C3-A Scene-Aware Global Header › /en/about/ declares the porcelain scene and keeps readable contrast
[11/14] [mobile-chromium] › tests\e2e\c3-header-scenes.spec.ts:117:3 › C3-A Scene-Aware Global Header › navigation labels and order stay identical across scenes
[12/14] [mobile-chromium] › tests\e2e\c3-header-scenes.spec.ts:138:3 › C3-A Scene-Aware Global Header › keyboard focus stays visible in every scene
[13/14] [mobile-chromium] › tests\e2e\c3-header-scenes.spec.ts:165:3 › C3-A Scene-Aware Global Header › the header is reachable and stable at 320 and 390px
[14/14] [mobile-chromium] › tests\e2e\c3-header-scenes.spec.ts:197:3 › C3-A Scene-Aware Global Header › reduced motion does not animate the header
  14 passed (34.6s)
