[WebServer] [WARN] Unsupported engine: wanted: {"node":">=24.20.0"} (current: {"node":"v24.17.0","pnpm":"11.25.0"})

[WebServer] $ node scripts/run-preview.mjs

[WebServer] (node:43784) [DEP0190] DeprecationWarning: Passing args to a child process with shell option true can lead to security vulnerabilities, as the arguments are not escaped, only concatenated.
[WebServer] (Use `node --trace-deprecation ...` to show where the warning was created)

[WebServer]  astro  v7.3.2 ready in 97 ms
[WebServer] ┃ Local    http://127.0.0.1:3000/


Running 7 tests using 1 worker

[1/7] [mobile-chromium] › tests\e2e\c3-header-scenes.spec.ts:101:5 › C3-A Scene-Aware Global Header › /en/ declares the ink scene and keeps readable contrast
  1) [mobile-chromium] › tests\e2e\c3-header-scenes.spec.ts:101:5 › C3-A Scene-Aware Global Header › /en/ declares the ink scene and keeps readable contrast 

    Error: header text/background contrast in the ink scene must reach 4.5:1 (measured 1.00)

    expect(received).toBeGreaterThanOrEqual(expected)

    Expected: >= 4.5
    Received:    1

      111 |         ratio,
      112 |         `header text/background contrast in the ${scene} scene must reach 4.5:1 (measured ${ratio.toFixed(2)})`,
    > 113 |       ).toBeGreaterThanOrEqual(4.5);
          |         ^
      114 |     });
      115 |   }
      116 |
        at C:\00. AI Project\SGPS-Marketing\.worktrees\t4\tests\e2e\c3-header-scenes.spec.ts:113:9

    attachment #1: screenshot (image/png) ──────────────────────────────────────────────────────────
    test-results\c3-header-scenes-C3-A-Scen-41e32-and-keeps-readable-contrast-mobile-chromium\test-failed-1.png
    ────────────────────────────────────────────────────────────────────────────────────────────────

    attachment #2: video (video/webm) ──────────────────────────────────────────────────────────────
    test-results\c3-header-scenes-C3-A-Scen-41e32-and-keeps-readable-contrast-mobile-chromium\video.webm
    ────────────────────────────────────────────────────────────────────────────────────────────────

    Error Context: test-results\c3-header-scenes-C3-A-Scen-41e32-and-keeps-readable-contrast-mobile-chromium\error-context.md

    attachment #4: trace (application/zip) ─────────────────────────────────────────────────────────
    test-results\c3-header-scenes-C3-A-Scen-41e32-and-keeps-readable-contrast-mobile-chromium\trace.zip
    Usage:

        pnpm exec playwright show-trace test-results\c3-header-scenes-C3-A-Scen-41e32-and-keeps-readable-contrast-mobile-chromium\trace.zip

    ────────────────────────────────────────────────────────────────────────────────────────────────


[2/7] [mobile-chromium] › tests\e2e\c3-header-scenes.spec.ts:101:5 › C3-A Scene-Aware Global Header › /en/products/ declares the product scene and keeps readable contrast
[3/7] [mobile-chromium] › tests\e2e\c3-header-scenes.spec.ts:101:5 › C3-A Scene-Aware Global Header › /en/about/ declares the porcelain scene and keeps readable contrast
[4/7] [mobile-chromium] › tests\e2e\c3-header-scenes.spec.ts:117:3 › C3-A Scene-Aware Global Header › navigation labels and order stay identical across scenes
[5/7] [mobile-chromium] › tests\e2e\c3-header-scenes.spec.ts:138:3 › C3-A Scene-Aware Global Header › keyboard focus stays visible in every scene
[6/7] [mobile-chromium] › tests\e2e\c3-header-scenes.spec.ts:165:3 › C3-A Scene-Aware Global Header › the header is reachable and stable at 320 and 390px
[7/7] [mobile-chromium] › tests\e2e\c3-header-scenes.spec.ts:197:3 › C3-A Scene-Aware Global Header › reduced motion does not animate the header
  1 failed
    [mobile-chromium] › tests\e2e\c3-header-scenes.spec.ts:101:5 › C3-A Scene-Aware Global Header › /en/ declares the ink scene and keeps readable contrast 
  6 passed (26.2s)
